✓ CAN bridge запущено!
✓ {BUS0_DESC} ↔ {BUS1_DESC}
✓ Ctrl+C для зупинки

20260120222606.385724 [PSC3] ID: 0x8508A00 DLC:  1 Data: 10
20260120222606.387698 [PSC3] ID: 0x8508A00 DLC:  1 Data: 10
20260120222606.389121 [PSC3] ID: 0x8508A00 DLC:  1 Data: 10
20260120222606.390435 [PSC3] ID: 0x8508A00 DLC:  1 Data: 10
20260120222606.391760 [PSC3] ID: 0x8508A00 DLC:  1 Data: 10
20260120222606.393194 [PSC3] ID: 0x8508A00 DLC:  1 Data: 10
20260120222606.394576 [PSC3] ID: 0x8508A00 DLC:  1 Data: 10
20260120222606.395935 [PSC3] ID: 0x8508A00 DLC:  1 Data: 10
20260120222606.397272 [PSC3] ID: 0x8508A00 DLC:  1 Data: 10
20260120222606.398551 [PSC3] ID: 0x8508A00 DLC:  1 Data: 10
20260120222606.399806 [PSC3] ID: 0x8508A00 DLC:  1 Data: 10
20260120222606.401064 [PSC3] ID: 0x8508A00 DLC:  1 Data: 10
20260120222606.402319 [PSC3] ID: 0x8508A00 DLC:  1 Data: 10
20260120222606.403566 [PSC3] ID: 0x8508A00 DLC:  1 Data: 10
20260120222606.404795 [PSC3] ID: 0x8508A00 DLC:  1 Data: 10
20260120222606.406030 [PSC3] ID: 0x8508A00 DLC:  1 Data: 10
20260120222606.643354 [PSC3] ID: 0x14320101 DLC:  8 Data: 00 40 7F FF FF FF FF FF
20260120222606.721607 [PSC3] ID: 0x8508A00 DLC:  1 Data: 10
20260120222606.723707 [PSC3] ID: 0x8508A00 DLC:  1 Data: 10
20260120222606.725168 [PSC3] ID: 0x8508A00 DLC:  1 Data: 10
20260120222606.726570 [PSC3] ID: 0x8508A00 DLC:  1 Data: 10
20260120222606.728016 [PSC3] ID: 0x8508A00 DLC:  1 Data: 10
20260120222606.729386 [PSC3] ID: 0x8508A00 DLC:  1 Data: 10
20260120222606.730738 [PSC3] ID: 0x8508A00 DLC:  1 Data: 10
20260120222606.732038 [PSC3] ID: 0x8508A00 DLC:  1 Data: 10
20260120222606.733323 [PSC3] ID: 0x8508A00 DLC:  1 Data: 10
20260120222606.734539 [PSC3] ID: 0x8508A00 DLC:  1 Data: 10
20260120222606.735760 [PSC3] ID: 0x8508A00 DLC:  1 Data: 10
20260120222606.737019 [PSC3] ID: 0x8508A00 DLC:  1 Data: 10
20260120222606.738229 [PSC3] ID: 0x8508A00 DLC:  1 Data: 10
20260120222606.739441 [PSC3] ID: 0x8508A00 DLC:  1 Data: 10
20260120222606.794429 [PSC3] ID: 0x8508A00 DLC:  1 Data: 10
20260120222606.796335 [PSC3] ID: 0x14320101 DLC:  8 Data: 00 40 7F FF FF FF FF FF
20260120222606.797932 [PSC3] ID: 0x14320101 DLC:  8 Data: 00 40 7F FF FF FF FF FF
20260120222606.799510 [PSC3] ID: 0x14320101 DLC:  8 Data: 00 40 7F FF FF FF FF FF
20260120222606.886980 [PSC3] ID: 0x102000 DLC:  0 Data: 
20260120222607.884850 [PSC3] ID: 0x1C105000 DLC:  0 Data: 
20260120222608.833510 [PSC3] ID: 0x8508A00 DLC:  1 Data: 10
20260120222608.884599 [PSC3] ID: 0x1C105000 DLC:  0 Data: 
20260120222609.865050 [PSC3] ID: 0x14320101 DLC:  8 Data: 00 40 12 BB FF FF FF FF
20260120222609.866796 [PSC3] ID: 0x14320501 DLC:  8 Data: 14 E6 00 00 00 00 0B 02
20260120222609.868483 [PSC3] ID: 0x14320601 DLC:  8 Data: 14 A0 15 36 13 24 15 E0
20260120222609.883637 [PSC3] ID: 0x1C105000 DLC:  0 Data: 
20260120222610.863382 [PSC3] ID: 0x8508A00 DLC:  1 Data: 10
20260120222610.865208 [PSC3] ID: 0x14320101 DLC:  8 Data: 00 40 12 BB FF FF FF FF
20260120222610.866677 [PSC3] ID: 0x14320501 DLC:  8 Data: 14 E6 00 00 00 00 0B 02
20260120222610.868081 [PSC3] ID: 0x14321001 DLC:  8 Data: 00 00 00 00 00 00 00 00
20260120222610.869443 [PSC3] ID: 0x14320601 DLC:  8 Data: 14 A0 15 36 13 24 15 E0
20260120222610.882669 [PSC3] ID: 0x1C105000 DLC:  0 Data: 
20260120222611.863379 [PSC3] ID: 0x14320101 DLC:  8 Data: 00 40 12 BB FF FF FF FF
20260120222611.866360 [PSC3] ID: 0x14320501 DLC:  8 Data: 14 E6 00 00 00 00 0B 02
20260120222611.867858 [PSC3] ID: 0x14321001 DLC:  8 Data: 00 00 00 00 00 00 00 00
20260120222611.869276 [PSC3] ID: 0x14320601 DLC:  8 Data: 14 A0 15 36 13 24 15 E0
20260120222611.884086 [PSC3] ID: 0x1C105000 DLC:  0 Data: 
20260120222611.885638 [PSC3] ID: 0x102000 DLC:  0 Data: 
20260120222612.862366 [PSC3] ID: 0x8508A00 DLC:  1 Data: 10
20260120222612.864179 [PSC3] ID: 0x14320101 DLC:  8 Data: 00 40 12 BB FF FF FF FF
20260120222612.865883 [PSC3] ID: 0x9508A00 DLC:  6 Data: 52 CB 40 FA 05 DC
20260120222612.867769 [PSC3] ID: 0x14320601 DLC:  8 Data: 14 A0 15 36 13 24 15 E0
20260120222612.869129 [PSC3] ID: 0x14321001 DLC:  8 Data: 00 00 00 00 00 00 00 00
20260120222612.870464 [PSC3] ID: 0x14320501 DLC:  8 Data: 14 E6 00 00 00 00 0B 02
20260120222612.882809 [PSC3] ID: 0x1C105000 DLC:  0 Data: 
20260120222613.864849 [PSC3] ID: 0x14320101 DLC:  8 Data: 00 40 12 BB FF FF FF FF
20260120222613.866685 [PSC3] ID: 0x14320501 DLC:  8 Data: 14 E6 00 59 00 99 2B 02
20260120222613.868259 [PSC3] ID: 0x14321001 DLC:  8 Data: 00 00 00 00 00 00 00 00
20260120222613.869897 [PSC3] ID: 0x14324001 DLC:  8 Data: 00 00 00 57 00 C7 4D 7F
20260120222613.871274 [PSC3] ID: 0x14320601 DLC:  8 Data: 14 A0 15 36 13 24 15 E0
20260120222613.883784 [PSC3] ID: 0x1C105000 DLC:  0 Data: 
20260120222614.861336 [PSC3] ID: 0x8508A00 DLC:  1 Data: 10
20260120222614.863639 [PSC3] ID: 0x14320101 DLC:  8 Data: 00 40 12 BB FF FF FF FF
20260120222614.866118 [PSC3] ID: 0x9508A00 DLC:  6 Data: 52 DB 40 FA 05 DC
20260120222614.867578 [PSC3] ID: 0x14320601 DLC:  8 Data: 14 A0 15 36 13 24 15 E0
20260120222614.869026 [PSC3] ID: 0x14321001 DLC:  8 Data: 00 00 00 00 00 00 00 00
20260120222614.870452 [PSC3] ID: 0x14320501 DLC:  8 Data: 14 E6 00 59 00 99 2B 02
20260120222614.882914 [PSC3] ID: 0x1C105000 DLC:  0 Data: 
20260120222615.864715 [PSC3] ID: 0x14320101 DLC:  8 Data: 00 40 12 BB FF FF FF FF
20260120222615.866531 [PSC3] ID: 0x14320501 DLC:  8 Data: 14 E6 00 59 00 99 2B 02
20260120222615.868034 [PSC3] ID: 0x14321001 DLC:  8 Data: 00 00 00 00 00 00 00 00
20260120222615.870008 [PSC3] ID: 0x14320601 DLC:  8 Data: 14 A0 15 36 13 24 15 E0
20260120222615.882627 [PSC3] ID: 0x1C105000 DLC:  0 Data: 
20260120222616.861541 [PSC3] ID: 0x8508A00 DLC:  1 Data: 10
20260120222616.863451 [PSC3] ID: 0x14320101 DLC:  8 Data: 00 40 12 BB FF FF FF FF
20260120222616.866076 [PSC3] ID: 0x9508A00 DLC:  6 Data: 52 EB 40 FA 05 DC
20260120222616.867692 [PSC3] ID: 0x14320601 DLC:  8 Data: 14 A0 15 36 13 24 15 E0
20260120222616.869161 [PSC3] ID: 0x8F08B00 DLC:  0 Data: 
20260120222616.870553 [PSC3] ID: 0x14321001 DLC:  8 Data: 00 00 00 00 00 00 00 00
20260120222616.871913 [PSC3] ID: 0x14320501 DLC:  8 Data: 14 E6 00 59 00 99 2B 02
20260120222616.884322 [PSC3] ID: 0x1C105000 DLC:  0 Data: 
20260120222616.885716 [PSC3] ID: 0x102000 DLC:  0 Data: 
20260120222617.864863 [PSC3] ID: 0x14320101 DLC:  8 Data: 00 40 12 BB FF FF FF FF
20260120222617.866634 [PSC3] ID: 0x14320501 DLC:  8 Data: 14 E6 00 59 00 99 2B 02
20260120222617.868359 [PSC3] ID: 0x14321001 DLC:  8 Data: 00 00 00 00 00 00 00 00
20260120222617.869961 [PSC3] ID: 0x14320601 DLC:  8 Data: 14 A0 15 36 13 24 15 E0
20260120222617.883353 [PSC3] ID: 0x1C105000 DLC:  0 Data: 
20260120222618.861255 [PSC3] ID: 0x8508A00 DLC:  1 Data: 10
20260120222618.863644 [PSC3] ID: 0x14320101 DLC:  8 Data: 00 40 12 BB FF FF FF FF
20260120222618.866095 [PSC3] ID: 0x9508A00 DLC:  6 Data: 52 FB 40 FA 05 DC
20260120222618.867550 [PSC3] ID: 0x14320601 DLC:  8 Data: 14 A0 15 36 13 24 15 E0
20260120222618.869102 [PSC3] ID: 0x8708B00 DLC:  0 Data: 
20260120222618.870538 [PSC3] ID: 0x14321001 DLC:  8 Data: 00 00 00 00 00 00 00 00
20260120222618.871945 [PSC3] ID: 0x14320501 DLC:  8 Data: 14 E6 00 59 00 99 2B 02
20260120222618.884266 [PSC3] ID: 0x1C105000 DLC:  0 Data: 
20260120222619.865331 [PSC3] ID: 0x14320101 DLC:  8 Data: 00 40 12 BB FF FF FF FF
20260120222619.867238 [PSC3] ID: 0x14320501 DLC:  8 Data: 14 E6 00 59 00 99 2B 02
20260120222619.868737 [PSC3] ID: 0x14321001 DLC:  8 Data: 00 00 00 00 00 00 00 00
20260120222619.870510 [PSC3] ID: 0x14320601 DLC:  8 Data: 14 A0 15 36 13 24 15 E0
20260120222619.883215 [PSC3] ID: 0x1C105000 DLC:  0 Data: 
20260120222620.862242 [PSC3] ID: 0x8508A00 DLC:  1 Data: 10
20260120222620.864086 [PSC3] ID: 0x14320101 DLC:  8 Data: 00 40 12 BB FF FF FF FF
20260120222620.865827 [PSC3] ID: 0x9508A00 DLC:  6 Data: 53 0B 40 FA 05 DC
20260120222620.867814 [PSC3] ID: 0x14320601 DLC:  8 Data: 14 A0 15 36 13 24 15 E0
20260120222620.869167 [PSC3] ID: 0x14321001 DLC:  8 Data: 00 00 00 00 00 00 00 00
20260120222620.870517 [PSC3] ID: 0x14320501 DLC:  8 Data: 14 E6 00 59 00 99 2B 02
20260120222620.882921 [PSC3] ID: 0x1C105000 DLC:  0 Data: 
20260120222621.863394 [PSC3] ID: 0x14320101 DLC:  8 Data: 00 40 12 BB FF FF FF FF
20260120222621.866034 [PSC3] ID: 0x14320501 DLC:  8 Data: 14 E6 00 59 00 99 2B 02
20260120222621.867554 [PSC3] ID: 0x14321001 DLC:  8 Data: 00 00 00 00 00 00 00 00
20260120222621.868829 [PSC3] ID: 0x14320601 DLC:  8 Data: 14 A0 15 36 13 24 15 E0
20260120222621.883417 [PSC3] ID: 0x1C105000 DLC:  0 Data: 
20260120222621.884909 [PSC3] ID: 0x102000 DLC:  0 Data: 
20260120222622.860626 [PSC3] ID: 0x8508A00 DLC:  1 Data: 10
20260120222622.863502 [PSC3] ID: 0x14320101 DLC:  8 Data: 00 40 12 BB FF FF FF FF
20260120222622.865826 [PSC3] ID: 0x9508A00 DLC:  6 Data: 53 1B 40 FA 05 DC
20260120222622.867293 [PSC3] ID: 0x14320601 DLC:  8 Data: 14 A0 15 36 13 24 15 E0
20260120222622.868723 [PSC3] ID: 0x14321001 DLC:  8 Data: 00 00 00 00 00 00 00 00
20260120222622.870301 [PSC3] ID: 0x14320501 DLC:  8 Data: 14 E6 00 59 00 99 2B 02
20260120222622.882589 [PSC3] ID: 0x1C105000 DLC:  0 Data: 
20260120222623.864834 [PSC3] ID: 0x14320101 DLC:  8 Data: 00 40 12 BB FF FF FF FF
20260120222623.866545 [PSC3] ID: 0x14320501 DLC:  8 Data: 14 E6 00 59 00 99 2B 02
20260120222623.868016 [PSC3] ID: 0x14321001 DLC:  8 Data: 00 00 00 00 00 00 00 00
20260120222623.869733 [PSC3] ID: 0x14320601 DLC:  8 Data: 14 A0 15 36 13 24 15 E0
20260120222623.882824 [PSC3] ID: 0x1C105000 DLC:  0 Data: 
20260120222624.862719 [PSC3] ID: 0x8508A00 DLC:  1 Data: 10
20260120222624.864495 [PSC3] ID: 0x14320101 DLC:  8 Data: 00 40 12 BB FF FF FF FF
20260120222624.866194 [PSC3] ID: 0x9508A00 DLC:  6 Data: 53 2B 40 FA 05 DC
20260120222624.867699 [PSC3] ID: 0x14320601 DLC:  8 Data: 14 A0 15 36 13 24 15 E0
20260120222624.869048 [PSC3] ID: 0x14321001 DLC:  8 Data: 00 00 00 00 00 00 00 00
20260120222624.870423 [PSC3] ID: 0x14320501 DLC:  8 Data: 14 E6 00 59 00 99 2B 02
20260120222624.882789 [PSC3] ID: 0x1C105000 DLC:  0 Data: 
20260120222625.863897 [PSC3] ID: 0x14320101 DLC:  8 Data: 00 40 12 BB FF FF FF FF
20260120222625.865823 [PSC3] ID: 0x14320501 DLC:  8 Data: 14 E6 00 59 00 99 2B 02
20260120222625.867442 [PSC3] ID: 0x14321001 DLC:  8 Data: 00 00 00 00 00 00 00 00
20260120222625.868985 [PSC3] ID: 0x14320601 DLC:  8 Data: 14 A0 15 36 13 24 15 E0
20260120222625.883670 [PSC3] ID: 0x1C105000 DLC:  0 Data: 
20260120222626.862004 [PSC3] ID: 0x8508A00 DLC:  1 Data: 10
20260120222626.863843 [PSC3] ID: 0x14320101 DLC:  8 Data: 00 40 12 BB FF FF FF FF
20260120222626.865750 [PSC3] ID: 0x9508A00 DLC:  6 Data: 53 3B 40 FA 05 DC
20260120222626.867173 [PSC3] ID: 0x14320601 DLC:  8 Data: 14 A0 15 36 13 24 15 E0
20260120222626.868538 [PSC3] ID: 0x8F08B00 DLC:  0 Data: 
20260120222626.869983 [PSC3] ID: 0x14321001 DLC:  8 Data: 00 00 00 00 00 00 00 00
20260120222626.871426 [PSC3] ID: 0x14320501 DLC:  8 Data: 14 E6 00 59 00 99 2B 02
20260120222626.883787 [PSC3] ID: 0x1C105000 DLC:  0 Data: 
20260120222626.885080 [PSC3] ID: 0x102000 DLC:  0 Data: 
20260120222627.863715 [PSC3] ID: 0x14320101 DLC:  8 Data: 00 40 12 BB FF FF FF FF
20260120222627.865910 [PSC3] ID: 0x14320501 DLC:  8 Data: 14 E6 00 59 00 99 2B 02
20260120222627.867499 [PSC3] ID: 0x14321001 DLC:  8 Data: 00 00 00 00 00 00 00 00
20260120222627.868880 [PSC3] ID: 0x14320601 DLC:  8 Data: 14 A0 15 36 13 24 15 E0
20260120222627.884271 [PSC3] ID: 0x1C105000 DLC:  0 Data: 
20260120222628.861607 [PSC3] ID: 0x8508A00 DLC:  1 Data: 10
20260120222628.863477 [PSC3] ID: 0x14320101 DLC:  8 Data: 00 40 12 BB FF FF FF FF
20260120222628.865841 [PSC3] ID: 0x9508A00 DLC:  6 Data: 53 4B 40 FA 05 DC
20260120222628.867383 [PSC3] ID: 0x14320601 DLC:  8 Data: 14 A0 15 36 13 24 15 E0
20260120222628.868843 [PSC3] ID: 0x8708B00 DLC:  0 Data: 
20260120222628.870280 [PSC3] ID: 0x14321001 DLC:  8 Data: 00 00 00 00 00 00 00 00
20260120222628.871616 [PSC3] ID: 0x14320501 DLC:  8 Data: 14 E6 00 59 00 99 2B 02
20260120222628.884095 [PSC3] ID: 0x1C105000 DLC:  0 Data: 
20260120222629.863355 [PSC3] ID: 0x14320101 DLC:  8 Data: 00 40 12 BB FF FF FF FF
20260120222629.865934 [PSC3] ID: 0x14320501 DLC:  8 Data: 14 E6 00 59 00 99 2B 02
20260120222629.867598 [PSC3] ID: 0x14321001 DLC:  8 Data: 00 00 00 00 00 00 00 00
20260120222629.869107 [PSC3] ID: 0x14320601 DLC:  8 Data: 14 A0 15 36 13 24 15 E0
20260120222629.883800 [PSC3] ID: 0x1C105000 DLC:  0 Data: 
20260120222630.862272 [PSC3] ID: 0x8508A00 DLC:  1 Data: 10
20260120222630.864081 [PSC3] ID: 0x14320101 DLC:  8 Data: 00 40 12 BB FF FF FF FF
20260120222630.865803 [PSC3] ID: 0x9508A00 DLC:  6 Data: 53 5B 40 FA 05 DC
20260120222630.867323 [PSC3] ID: 0x14320601 DLC:  8 Data: 14 A0 15 36 13 24 15 E0
20260120222630.868714 [PSC3] ID: 0x14321001 DLC:  8 Data: 00 00 00 00 00 00 00 00
20260120222630.870160 [PSC3] ID: 0x14320501 DLC:  8 Data: 14 E6 00 59 00 99 2B 02
20260120222630.882727 [PSC3] ID: 0x1C105000 DLC:  0 Data: 
20260120222631.865033 [PSC3] ID: 0x14320101 DLC:  8 Data: 00 40 12 BB FF FF FF FF
20260120222631.866850 [PSC3] ID: 0x14320501 DLC:  8 Data: 14 E6 00 59 00 99 2B 02
20260120222631.868530 [PSC3] ID: 0x14321001 DLC:  8 Data: 00 00 00 00 00 00 00 00
20260120222631.870057 [PSC3] ID: 0x14320601 DLC:  8 Data: 14 A0 15 36 13 24 15 E0
20260120222631.882735 [PSC3] ID: 0x1C105000 DLC:  0 Data: 
20260120222631.885358 [PSC3] ID: 0x102000 DLC:  0 Data: 
20260120222632.861563 [PSC3] ID: 0x8508A00 DLC:  1 Data: 10
20260120222632.863309 [PSC3] ID: 0x14320101 DLC:  8 Data: 00 40 12 BB FF FF FF FF
20260120222632.865660 [PSC3] ID: 0x9508A00 DLC:  6 Data: 53 6B 40 FA 05 DC
20260120222632.867152 [PSC3] ID: 0x14320601 DLC:  8 Data: 14 A0 15 36 13 24 15 E0
20260120222632.868492 [PSC3] ID: 0x14321001 DLC:  8 Data: 00 00 00 00 00 00 00 00
20260120222632.870115 [PSC3] ID: 0x14320501 DLC:  8 Data: 14 E6 00 59 00 99 2B 02
20260120222632.882299 [PSC3] ID: 0x1C105000 DLC:  0 Data: 
20260120222633.863363 [PSC3] ID: 0x14320101 DLC:  8 Data: 00 40 12 BB FF FF FF FF
20260120222633.865837 [PSC3] ID: 0x14320501 DLC:  8 Data: 14 E6 00 59 00 99 2B 02
20260120222633.867405 [PSC3] ID: 0x14321001 DLC:  8 Data: 00 00 00 00 00 00 00 00
20260120222633.869125 [PSC3] ID: 0x14320601 DLC:  8 Data: 14 A0 15 36 13 24 15 E0
20260120222633.883844 [PSC3] ID: 0x1C105000 DLC:  0 Data: 
20260120222634.862201 [PSC3] ID: 0x8508A00 DLC:  1 Data: 10
20260120222634.863999 [PSC3] ID: 0x14320101 DLC:  8 Data: 00 40 12 BB FF FF FF FF
20260120222634.865712 [PSC3] ID: 0x9508A00 DLC:  6 Data: 53 7B 40 FA 05 DC
20260120222634.867110 [PSC3] ID: 0x14320601 DLC:  8 Data: 14 A0 15 36 13 24 15 E0
20260120222634.868458 [PSC3] ID: 0x14321001 DLC:  8 Data: 00 00 00 00 00 00 00 00
20260120222634.869828 [PSC3] ID: 0x14320501 DLC:  8 Data: 14 E6 00 59 00 99 2B 02
20260120222634.882379 [PSC3] ID: 0x1C105000 DLC:  0 Data: 
20260120222635.783913 [Rectifier] ID: 0x1A001000 DLC: 0 Data: 
20260120222635.864819 [PSC3] ID: 0x14320101 DLC:  8 Data: 00 40 12 BB FF FF FF FF
20260120222635.866550 [PSC3] ID: 0x14320501 DLC:  8 Data: 14 E6 00 59 00 99 2B 02
20260120222635.868096 [PSC3] ID: 0x14321001 DLC:  8 Data: 00 00 00 00 00 00 00 00
20260120222635.870030 [PSC3] ID: 0x14320601 DLC:  8 Data: 14 A0 15 36 13 24 15 E0
20260120222635.883246 [PSC3] ID: 0x1A102000 DLC:  0 Data: 
20260120222635.885010 [PSC3] ID: 0x1C105000 DLC:  0 Data: 
20260120222635.885010 [Rectifier] ID: 0x200BDFD DLC: 0 Data: 
20260120222635.984559 [PSC3] ID: 0x1A102100 DLC:  0 Data: 
20260120222635.984559 [Rectifier] ID: 0x2010200 DLC: 0 Data: 
20260120222636.083053 [PSC3] ID: 0x1A102200 DLC:  0 Data: 
20260120222636.085038 [Rectifier] ID: 0x20203A0 DLC: 0 Data: 
20260120222636.182471 [PSC3] ID: 0x1A102300 DLC:  0 Data: 
20260120222636.185210 [Rectifier] ID: 0x20300DC DLC: 0 Data: 
20260120222636.283365 [PSC3] ID: 0x1A103000 DLC:  0 Data: 
20260120222636.285293 [Rectifier] ID: 0x1B4031FF DLC: 0 Data: 
20260120222636.287121 [PSC3] ID: 0x1B503201 DLC:  0 Data: 
20260120222636.303649 [PSC3] ID: 0x1A102000 DLC:  0 Data: 
20260120222636.402410 [PSC3] ID: 0x19502001 DLC:  2 Data: 39 D7
20260120222636.405428 [Rectifier] ID: 0x19402101 DLC: 2 Data: DA AA
20260120222636.407144 [PSC3] ID: 0x19503001 DLC:  0 Data: 
20260120222636.409650 [Rectifier] ID: 0x19403101 DLC: 0 Data: 
20260120222636.413276 [PSC3] ID: 0x19544001 DLC:  8 Data: 00 20 00 01 0B B8 01 2C
20260120222636.504615 [Rectifier] ID: 0x194C4001 DLC: 0 Data: 
20260120222636.508855 [PSC3] ID: 0x19584001 DLC:  8 Data: 00 01 56 80 40 FA 05 DC
20260120222636.606251 [Rectifier] ID: 0x194C4001 DLC: 0 Data: 
20260120222636.611004 [PSC3] ID: 0x19584001 DLC:  8 Data: 55 AE 41 DB 08 02 00 00
20260120222636.705021 [Rectifier] ID: 0x194C4001 DLC: 0 Data: 
20260120222636.709326 [PSC3] ID: 0x195C4001 DLC:  8 Data: 17 70 83 20 83 84 57 3E
20260120222636.807463 [Rectifier] ID: 0x194C4001 DLC: 0 Data: 
20260120222636.809444 [PSC3] ID: 0x19502001 DLC:  2 Data: 39 D7
20260120222636.814763 [Rectifier] ID: 0x19402101 DLC: 2 Data: DA AA
20260120222636.861833 [PSC3] ID: 0x8508A00 DLC:  1 Data: 10
20260120222636.863633 [PSC3] ID: 0x14320101 DLC:  8 Data: 00 40 12 BB FF FF FF FF
20260120222636.865420 [PSC3] ID: 0x9508A00 DLC:  6 Data: 53 83 40 FA 05 DC
20260120222636.867000 [PSC3] ID: 0x14320601 DLC:  8 Data: 14 A0 15 36 13 24 15 E0
20260120222636.868381 [PSC3] ID: 0x8F08B00 DLC:  0 Data: 
20260120222636.869735 [PSC3] ID: 0x14321001 DLC:  8 Data: 00 00 00 00 00 00 00 00
20260120222636.871126 [PSC3] ID: 0x14320501 DLC:  8 Data: 14 E6 00 59 00 99 2B 02
20260120222636.883359 [PSC3] ID: 0x1C105000 DLC:  0 Data: 
20260120222636.884881 [PSC3] ID: 0x1D504001 DLC:  2 Data: 39 D7
20260120222637.505379 [Rectifier] ID: 0x1A001000 DLC: 0 Data: 
20260120222637.608324 [PSC3] ID: 0x1A102000 DLC:  0 Data: 
20260120222637.608324 [Rectifier] ID: 0x200BDFD DLC: 0 Data: 
20260120222637.708515 [PSC3] ID: 0x1A102100 DLC:  0 Data: 
20260120222637.708515 [Rectifier] ID: 0x2010200 DLC: 0 Data: 
20260120222637.809198 [PSC3] ID: 0x1A102200 DLC:  0 Data: 
20260120222637.809198 [Rectifier] ID: 0x20203A0 DLC: 0 Data: 
20260120222637.863032 [PSC3] ID: 0x14320101 DLC:  8 Data: 00 40 12 BB FF FF FF FF
20260120222637.865726 [PSC3] ID: 0x14320501 DLC:  8 Data: 14 E6 00 59 00 99 2B 02
20260120222637.867242 [PSC3] ID: 0x14321001 DLC:  8 Data: 00 00 00 00 00 00 00 00
20260120222637.868607 [PSC3] ID: 0x14320601 DLC:  8 Data: 14 A0 15 36 13 24 15 E0
20260120222637.883287 [PSC3] ID: 0x1C105000 DLC:  0 Data: 
20260120222637.884669 [PSC3] ID: 0x1D504001 DLC:  2 Data: 39 D7
20260120222637.908251 [PSC3] ID: 0x1A102300 DLC:  0 Data: 
20260120222637.908251 [Rectifier] ID: 0x20300DC DLC: 0 Data: 
20260120222638.009458 [PSC3] ID: 0x1A103000 DLC:  0 Data: 
20260120222638.009458 [Rectifier] ID: 0x1B4031FF DLC: 0 Data: 
20260120222638.011590 [PSC3] ID: 0x1B503201 DLC:  0 Data: 
20260120222638.027864 [PSC3] ID: 0x1A102000 DLC:  0 Data: 
20260120222638.129537 [PSC3] ID: 0x19502001 DLC:  2 Data: 39 D7
20260120222638.131389 [Rectifier] ID: 0x19402101 DLC: 2 Data: DA AA
20260120222638.133102 [PSC3] ID: 0x19503001 DLC:  0 Data: 
20260120222638.135649 [Rectifier] ID: 0x19403101 DLC: 0 Data: 
20260120222638.139351 [PSC3] ID: 0x19544001 DLC:  8 Data: 00 20 00 01 0B B8 01 2C
20260120222638.234417 [Rectifier] ID: 0x194C4001 DLC: 0 Data: 
20260120222638.238714 [PSC3] ID: 0x19584001 DLC:  8 Data: 00 01 56 80 40 FA 05 DC
20260120222638.329321 [Rectifier] ID: 0x194C4001 DLC: 0 Data: 
20260120222638.333670 [PSC3] ID: 0x19584001 DLC:  8 Data: 55 AE 41 DB 08 02 00 00
20260120222638.424320 [Rectifier] ID: 0x194C4001 DLC: 0 Data: 
20260120222638.429554 [PSC3] ID: 0x195C4001 DLC:  8 Data: 17 70 83 20 83 84 57 3E
20260120222638.520487 [Rectifier] ID: 0x194C4001 DLC: 0 Data: 
20260120222638.522364 [PSC3] ID: 0x19502001 DLC:  2 Data: 39 D7
20260120222638.525018 [Rectifier] ID: 0x19402101 DLC: 2 Data: DA AA
20260120222638.861964 [PSC3] ID: 0x8508A00 DLC:  1 Data: 10
20260120222638.863765 [PSC3] ID: 0x14320101 DLC:  8 Data: 00 40 12 BB FF FF FF FF
20260120222638.865389 [PSC3] ID: 0x9508A00 DLC:  6 Data: 53 83 40 FA 05 DC
20260120222638.867055 [PSC3] ID: 0x14320601 DLC:  8 Data: 14 A0 15 36 13 24 15 E0
20260120222638.868408 [PSC3] ID: 0x8708B00 DLC:  0 Data: 
20260120222638.869786 [PSC3] ID: 0x14321001 DLC:  8 Data: 00 00 00 00 00 00 00 00
20260120222638.871193 [PSC3] ID: 0x14320501 DLC:  8 Data: 14 E6 00 59 00 99 2B 02
20260120222638.883336 [PSC3] ID: 0x1C105000 DLC:  0 Data: 
20260120222638.884552 [PSC3] ID: 0x1D504001 DLC:  2 Data: 39 D7
20260120222639.255868 [Rectifier] ID: 0x1A001000 DLC: 0 Data: 
20260120222639.359263 [PSC3] ID: 0x1A102000 DLC:  0 Data: 
20260120222639.359263 [Rectifier] ID: 0x200BDFD DLC: 0 Data: 
20260120222639.457618 [PSC3] ID: 0x1A102100 DLC:  0 Data: 
20260120222639.457618 [Rectifier] ID: 0x2010200 DLC: 0 Data: 
20260120222639.557336 [PSC3] ID: 0x1A102200 DLC:  0 Data: 
20260120222639.557336 [Rectifier] ID: 0x20203A0 DLC: 0 Data: 
20260120222639.659404 [PSC3] ID: 0x1A102300 DLC:  0 Data: 
20260120222639.659404 [Rectifier] ID: 0x20300DC DLC: 0 Data: 
20260120222639.758531 [PSC3] ID: 0x1A103000 DLC:  0 Data: 
20260120222639.758531 [Rectifier] ID: 0x1B4031FF DLC: 0 Data: 
20260120222639.763021 [PSC3] ID: 0x1B503201 DLC:  0 Data: 
20260120222639.778118 [PSC3] ID: 0x1A102000 DLC:  0 Data: 
20260120222639.863343 [PSC3] ID: 0x14320101 DLC:  8 Data: 00 40 12 BB FF FF FF FF
20260120222639.865693 [PSC3] ID: 0x14320501 DLC:  8 Data: 14 E6 00 59 00 99 2B 02
20260120222639.867159 [PSC3] ID: 0x14321001 DLC:  8 Data: 00 00 00 00 00 00 00 00
20260120222639.868488 [PSC3] ID: 0x14320601 DLC:  8 Data: 14 A0 15 36 13 24 15 E0
20260120222639.878912 [PSC3] ID: 0x19502001 DLC:  2 Data: 39 D7
20260120222639.880492 [Rectifier] ID: 0x19402101 DLC: 2 Data: DA AA
20260120222639.881805 [PSC3] ID: 0x19503001 DLC:  0 Data: 
20260120222639.884306 [PSC3] ID: 0x1C105000 DLC:  0 Data: 
20260120222639.885587 [PSC3] ID: 0x1D504001 DLC:  2 Data: 39 D7
20260120222639.886792 [Rectifier] ID: 0x1D404101 DLC: 2 Data: 21 01
20260120222639.888028 [Rectifier] ID: 0x19403101 DLC: 0 Data: 
20260120222639.891433 [PSC3] ID: 0x19544001 DLC:  8 Data: 00 20 00 01 0B B8 01 2C
20260120222639.991513 [Rectifier] ID: 0x194C4001 DLC: 0 Data: 
20260120222639.996736 [PSC3] ID: 0x19584001 DLC:  8 Data: 00 01 56 80 40 FA 05 DC
20260120222640.090890 [Rectifier] ID: 0x194C4001 DLC: 0 Data: 
20260120222640.095334 [PSC3] ID: 0x19584001 DLC:  8 Data: 55 AE 41 DB 08 02 00 00
20260120222640.189494 [Rectifier] ID: 0x194C4001 DLC: 0 Data: 
20260120222640.193962 [PSC3] ID: 0x195C4001 DLC:  8 Data: 17 70 83 20 83 84 57 3E
20260120222640.286864 [Rectifier] ID: 0x194C4001 DLC: 0 Data: 
20260120222640.288808 [PSC3] ID: 0x19502001 DLC:  2 Data: 39 D7
20260120222640.291351 [Rectifier] ID: 0x19402101 DLC: 2 Data: DA AA
20260120222640.861659 [PSC3] ID: 0x8508A00 DLC:  1 Data: 10
20260120222640.863514 [PSC3] ID: 0x14320101 DLC:  8 Data: 00 40 12 BB FF FF FF FF
20260120222640.865668 [PSC3] ID: 0x9508A00 DLC:  6 Data: 53 83 40 FA 05 DC
20260120222640.867262 [PSC3] ID: 0x14320601 DLC:  8 Data: 14 A0 15 36 13 24 15 E0
20260120222640.868658 [PSC3] ID: 0x14321001 DLC:  8 Data: 00 00 00 00 00 00 00 00
20260120222640.870117 [PSC3] ID: 0x14320501 DLC:  8 Data: 14 E6 00 59 00 99 2B 03
20260120222640.882739 [PSC3] ID: 0x1C105000 DLC:  0 Data: 
20260120222640.885204 [PSC3] ID: 0x19502001 DLC:  2 Data: 39 D7
20260120222640.886621 [PSC3] ID: 0x1D504001 DLC:  2 Data: 39 D7
20260120222641.864203 [PSC3] ID: 0x14320101 DLC:  8 Data: 00 40 12 BB FF FF FF FF
20260120222641.866217 [PSC3] ID: 0x14320501 DLC:  8 Data: 14 E6 00 59 00 99 2B 03
20260120222641.867632 [PSC3] ID: 0x14321001 DLC:  8 Data: 00 00 00 00 00 00 00 00
20260120222641.868978 [PSC3] ID: 0x14320601 DLC:  8 Data: 14 A0 15 36 13 24 15 E0
20260120222641.883801 [PSC3] ID: 0x1C105000 DLC:  0 Data: 
20260120222641.885228 [PSC3] ID: 0x1D504001 DLC:  2 Data: 39 D7
20260120222642.862379 [PSC3] ID: 0x8508A00 DLC:  1 Data: 10
20260120222642.864356 [PSC3] ID: 0x14320101 DLC:  8 Data: 00 40 12 BB FF FF FF FF
20260120222642.865993 [PSC3] ID: 0x9508A00 DLC:  6 Data: 53 83 40 FA 05 DC
20260120222642.867552 [PSC3] ID: 0x14320601 DLC:  8 Data: 14 A0 15 36 13 24 15 E0
20260120222642.868922 [PSC3] ID: 0x14321001 DLC:  8 Data: 00 00 00 00 00 00 00 00
20260120222642.870307 [PSC3] ID: 0x14320501 DLC:  8 Data: 14 E6 00 59 00 99 2B 03
20260120222642.882656 [PSC3] ID: 0x1C105000 DLC:  0 Data: 
20260120222642.884389 [PSC3] ID: 0x1D504001 DLC:  2 Data: 39 D7
20260120222642.903016 [PSC3] ID: 0x1503001 DLC:  0 Data: 
20260120222643.862670 [PSC3] ID: 0x14320101 DLC:  8 Data: 00 40 12 BB FF FF FF FF
20260120222643.865794 [PSC3] ID: 0x14320501 DLC:  8 Data: 14 E6 00 59 00 99 2B 03
20260120222643.867661 [PSC3] ID: 0x14321001 DLC:  8 Data: 00 00 00 00 00 00 00 00
20260120222643.869152 [PSC3] ID: 0x14320601 DLC:  8 Data: 14 A0 15 36 13 24 15 E0
20260120222643.882455 [PSC3] ID: 0x1C105000 DLC:  0 Data: 
20260120222644.860922 [PSC3] ID: 0x8508A00 DLC:  1 Data: 10
20260120222644.863008 [PSC3] ID: 0x14320101 DLC:  8 Data: 00 40 12 BB FF FF FF FF
20260120222644.865480 [PSC3] ID: 0x9508A00 DLC:  6 Data: 53 83 40 FA 05 DC
20260120222644.866978 [PSC3] ID: 0x14320601 DLC:  8 Data: 14 A0 15 36 13 24 15 E0
20260120222644.868424 [PSC3] ID: 0x14321001 DLC:  8 Data: 00 00 00 00 00 00 00 00
20260120222644.869800 [PSC3] ID: 0x14320501 DLC:  8 Data: 14 E6 00 59 00 99 2B 03
20260120222644.882198 [PSC3] ID: 0x1C105000 DLC:  0 Data: 
20260120222645.863826 [PSC3] ID: 0x14320101 DLC:  8 Data: 00 40 12 BB FF FF FF FF
20260120222645.865593 [PSC3] ID: 0x14320501 DLC:  8 Data: 14 E6 00 59 00 99 2B 03
20260120222645.867202 [PSC3] ID: 0x14321001 DLC:  8 Data: 00 00 00 00 00 00 00 00
20260120222645.868809 [PSC3] ID: 0x14320601 DLC:  8 Data: 14 A0 15 36 13 24 15 E0
20260120222645.883579 [PSC3] ID: 0x1C105000 DLC:  0 Data: 
20260120222646.861616 [PSC3] ID: 0x8508A00 DLC:  1 Data: 10
20260120222646.863426 [PSC3] ID: 0x14320101 DLC:  8 Data: 00 40 12 BB FF FF FF FF
20260120222646.865310 [PSC3] ID: 0x9508A00 DLC:  6 Data: 53 83 40 FA 05 DC
20260120222646.866892 [PSC3] ID: 0x14320601 DLC:  8 Data: 14 A0 15 36 13 24 15 E0
20260120222646.868235 [PSC3] ID: 0x8F08B00 DLC:  0 Data: 
20260120222646.869577 [PSC3] ID: 0x14321001 DLC:  8 Data: 00 00 00 00 00 00 00 00
20260120222646.870958 [PSC3] ID: 0x14320501 DLC:  8 Data: 14 E6 00 59 00 99 2B 03
20260120222646.883102 [PSC3] ID: 0x1C105000 DLC:  0 Data: 
20260120222647.864968 [PSC3] ID: 0x14320101 DLC:  8 Data: 00 40 12 BB FF FF FF FF
20260120222647.866683 [PSC3] ID: 0x14320501 DLC:  8 Data: 14 E6 00 59 00 99 2B 03
20260120222647.868178 [PSC3] ID: 0x14321001 DLC:  8 Data: 00 00 00 00 00 00 00 00
20260120222647.870059 [PSC3] ID: 0x14320601 DLC:  8 Data: 14 A0 15 36 13 24 15 E0
20260120222647.882742 [PSC3] ID: 0x1C105000 DLC:  0 Data: 
20260120222648.862062 [PSC3] ID: 0x8508A00 DLC:  1 Data: 10
20260120222648.863826 [PSC3] ID: 0x14320101 DLC:  8 Data: 00 40 12 BB FF FF FF FF
20260120222648.865337 [PSC3] ID: 0x9508A00 DLC:  6 Data: 53 83 40 FA 05 DC
20260120222648.867178 [PSC3] ID: 0x14320601 DLC:  8 Data: 14 A0 15 36 13 24 15 E0
20260120222648.868555 [PSC3] ID: 0x8708B00 DLC:  0 Data: 
20260120222648.869974 [PSC3] ID: 0x14321001 DLC:  8 Data: 00 00 00 00 00 00 00 00
20260120222648.871349 [PSC3] ID: 0x14320501 DLC:  8 Data: 14 E6 00 59 00 99 2B 03
20260120222648.883799 [PSC3] ID: 0x1C105000 DLC:  0 Data: 
20260120222649.864808 [PSC3] ID: 0x14320101 DLC:  8 Data: 00 40 12 BB FF FF FF FF
20260120222649.866662 [PSC3] ID: 0x14320501 DLC:  8 Data: 14 E6 00 59 00 99 2B 03
20260120222649.868366 [PSC3] ID: 0x14321001 DLC:  8 Data: 00 00 00 00 00 00 00 00
20260120222649.870441 [PSC3] ID: 0x14320601 DLC:  8 Data: 14 A0 15 36 13 24 15 E0
20260120222649.882966 [PSC3] ID: 0x1C105000 DLC:  0 Data: 
20260120222650.860557 [PSC3] ID: 0x8508A00 DLC:  1 Data: 10
20260120222650.862860 [PSC3] ID: 0x14320101 DLC:  8 Data: 00 40 12 BB FF FF FF FF
20260120222650.865540 [PSC3] ID: 0x9508A00 DLC:  6 Data: 53 83 40 FA 05 DC
20260120222650.867069 [PSC3] ID: 0x14320601 DLC:  8 Data: 14 A0 15 36 13 24 15 E0
20260120222650.868514 [PSC3] ID: 0x14321001 DLC:  8 Data: 00 00 00 00 00 00 00 00
20260120222650.869931 [PSC3] ID: 0x14320501 DLC:  8 Data: 14 E6 00 59 00 99 2B 03
20260120222650.882012 [PSC3] ID: 0x1C105000 DLC:  0 Data: 
20260120222651.862902 [PSC3] ID: 0x14320101 DLC:  8 Data: 00 40 12 BB FF FF FF FF
20260120222651.865511 [PSC3] ID: 0x14320501 DLC:  8 Data: 14 E6 00 59 00 99 2B 03
20260120222651.867053 [PSC3] ID: 0x14321001 DLC:  8 Data: 00 00 00 00 00 00 00 00
20260120222651.868423 [PSC3] ID: 0x14320601 DLC:  8 Data: 14 A0 15 36 13 24 15 E0
20260120222651.882946 [PSC3] ID: 0x1C105000 DLC:  0 Data: 
20260120222652.861552 [PSC3] ID: 0x8508A00 DLC:  1 Data: 10
20260120222652.863336 [PSC3] ID: 0x14320101 DLC:  8 Data: 00 40 12 BB FF FF FF FF
20260120222652.865213 [PSC3] ID: 0x9508A00 DLC:  6 Data: 53 83 40 FA 05 DC
20260120222652.866608 [PSC3] ID: 0x14320601 DLC:  8 Data: 14 A0 15 36 13 24 15 E0
20260120222652.867954 [PSC3] ID: 0x14321001 DLC:  8 Data: 00 00 00 00 00 00 00 00
20260120222652.869329 [PSC3] ID: 0x14320501 DLC:  8 Data: 14 E6 00 59 00 99 2B 03
20260120222652.881886 [PSC3] ID: 0x1C105000 DLC:  0 Data: 
20260120222653.863872 [PSC3] ID: 0x14320101 DLC:  8 Data: 00 40 12 BB FF FF FF FF
20260120222653.866362 [PSC3] ID: 0x14320501 DLC:  8 Data: 14 E6 00 59 00 99 2B 03
20260120222653.867843 [PSC3] ID: 0x14321001 DLC:  8 Data: 00 00 00 00 00 00 00 00
20260120222653.869708 [PSC3] ID: 0x14320601 DLC:  8 Data: 14 A0 15 36 13 24 15 E0
20260120222653.882225 [PSC3] ID: 0x1C105000 DLC:  0 Data: 
20260120222654.862191 [PSC3] ID: 0x8508A00 DLC:  1 Data: 10
20260120222654.864034 [PSC3] ID: 0x14320101 DLC:  8 Data: 00 40 12 BB FF FF FF FF
20260120222654.865968 [PSC3] ID: 0x9508A00 DLC:  6 Data: 53 83 40 FA 05 DC
20260120222654.867502 [PSC3] ID: 0x14320601 DLC:  8 Data: 14 A0 15 36 13 24 15 E0
20260120222654.868803 [PSC3] ID: 0x14321001 DLC:  8 Data: 00 00 00 00 00 00 00 00
20260120222654.870126 [PSC3] ID: 0x14320501 DLC:  8 Data: 14 E6 00 59 00 99 2B 03
20260120222654.883699 [PSC3] ID: 0x1C105000 DLC:  0 Data: 
20260120222655.863076 [PSC3] ID: 0x14320101 DLC:  8 Data: 00 40 12 BB FF FF FF FF
20260120222655.865413 [PSC3] ID: 0x14320501 DLC:  8 Data: 14 E6 00 59 00 99 2B 03
20260120222655.867111 [PSC3] ID: 0x14321001 DLC:  8 Data: 00 00 00 00 00 00 00 00
20260120222655.869132 [PSC3] ID: 0x14320601 DLC:  8 Data: 14 A0 15 36 13 24 15 E0
20260120222655.883800 [PSC3] ID: 0x1C105000 DLC:  0 Data: 
20260120222656.861073 [PSC3] ID: 0x8508A00 DLC:  1 Data: 10
20260120222656.862907 [PSC3] ID: 0x14320101 DLC:  8 Data: 00 40 12 BB FF FF FF FF
20260120222656.865333 [PSC3] ID: 0x9508A00 DLC:  6 Data: 53 83 40 FA 05 DC
20260120222656.866826 [PSC3] ID: 0x14320601 DLC:  8 Data: 14 A0 15 36 13 24 15 E0
20260120222656.868249 [PSC3] ID: 0x8F08B00 DLC:  0 Data: 
20260120222656.869704 [PSC3] ID: 0x14321001 DLC:  8 Data: 00 00 00 00 00 00 00 00
20260120222656.871037 [PSC3] ID: 0x14320501 DLC:  8 Data: 14 E6 00 59 00 99 2B 03
20260120222656.883458 [PSC3] ID: 0x1C105000 DLC:  0 Data: 
20260120222657.864508 [PSC3] ID: 0x14320101 DLC:  8 Data: 00 40 12 BB FF FF FF FF
20260120222657.866414 [PSC3] ID: 0x14320501 DLC:  8 Data: 14 E6 00 59 00 99 2B 03
20260120222657.868185 [PSC3] ID: 0x14321001 DLC:  8 Data: 00 00 00 00 00 00 00 00
20260120222657.870111 [PSC3] ID: 0x14320601 DLC:  8 Data: 14 A0 15 36 13 24 15 E0
20260120222657.882837 [PSC3] ID: 0x1C105000 DLC:  0 Data: 
20260120222658.860251 [PSC3] ID: 0x8508A00 DLC:  1 Data: 10
20260120222658.862755 [PSC3] ID: 0x14320101 DLC:  8 Data: 00 40 12 BB FF FF FF FF
20260120222658.865252 [PSC3] ID: 0x9508A00 DLC:  6 Data: 53 83 40 FA 05 DC
20260120222658.866732 [PSC3] ID: 0x14320601 DLC:  8 Data: 14 A0 15 36 13 24 15 E0
20260120222658.868133 [PSC3] ID: 0x8708B00 DLC:  0 Data: 
20260120222658.869515 [PSC3] ID: 0x14321001 DLC:  8 Data: 00 00 00 00 00 00 00 00
20260120222658.870807 [PSC3] ID: 0x14320501 DLC:  8 Data: 14 E6 00 59 00 99 2B 03
20260120222658.883142 [PSC3] ID: 0x1C105000 DLC:  0 Data: 
20260120222659.863526 [PSC3] ID: 0x14320101 DLC:  8 Data: 00 40 12 BB FF FF FF FF
20260120222659.865334 [PSC3] ID: 0x14320501 DLC:  8 Data: 14 E6 00 59 00 99 2B 03
20260120222659.866805 [PSC3] ID: 0x14321001 DLC:  8 Data: 00 00 00 00 00 00 00 00
20260120222659.868328 [PSC3] ID: 0x14320601 DLC:  8 Data: 14 A0 15 36 13 24 15 E0
20260120222659.883077 [PSC3] ID: 0x1C105000 DLC:  0 Data: 
20260120222700.859747 [PSC3] ID: 0x8508A00 DLC:  1 Data: 10
20260120222700.862748 [PSC3] ID: 0x14320101 DLC:  8 Data: 00 40 12 BB FF FF FF FF
20260120222700.865406 [PSC3] ID: 0x9508A00 DLC:  6 Data: 53 83 40 FA 05 DC
20260120222700.866918 [PSC3] ID: 0x14320601 DLC:  8 Data: 14 A0 15 36 13 24 15 E0
20260120222700.868479 [PSC3] ID: 0x14321001 DLC:  8 Data: 00 00 00 00 00 00 00 00
20260120222700.869819 [PSC3] ID: 0x14320501 DLC:  8 Data: 14 E6 00 59 00 99 2B 03
20260120222700.882476 [PSC3] ID: 0x1C105000 DLC:  0 Data: 
20260120222701.863760 [PSC3] ID: 0x14320101 DLC:  8 Data: 00 40 12 BB FF FF FF FF
20260120222701.865516 [PSC3] ID: 0x14320501 DLC:  8 Data: 14 E6 00 59 00 99 2B 03
20260120222701.867070 [PSC3] ID: 0x14321001 DLC:  8 Data: 00 00 00 00 00 00 00 00
20260120222701.869086 [PSC3] ID: 0x14320601 DLC:  8 Data: 14 A0 15 36 13 24 15 E0
20260120222701.881896 [PSC3] ID: 0x1C105000 DLC:  0 Data: 
20260120222702.860889 [PSC3] ID: 0x8508A00 DLC:  1 Data: 10
20260120222702.862666 [PSC3] ID: 0x14320101 DLC:  8 Data: 00 40 12 BB FF FF FF FF
20260120222702.864875 [PSC3] ID: 0x9508A00 DLC:  6 Data: 53 83 40 FA 05 DC
20260120222702.866392 [PSC3] ID: 0x14320601 DLC:  8 Data: 14 A0 15 36 13 24 15 E0
20260120222702.867752 [PSC3] ID: 0x14321001 DLC:  8 Data: 00 00 00 00 00 00 00 00
20260120222702.869368 [PSC3] ID: 0x14320501 DLC:  8 Data: 14 E6 00 59 00 99 2B 03
20260120222702.881681 [PSC3] ID: 0x1C105000 DLC:  0 Data: 
20260120222703.862904 [PSC3] ID: 0x14320101 DLC:  8 Data: 00 40 12 BB FF FF FF FF
20260120222703.865413 [PSC3] ID: 0x14320501 DLC:  8 Data: 14 E6 00 59 00 99 2B 03
20260120222703.866964 [PSC3] ID: 0x14321001 DLC:  8 Data: 00 00 00 00 00 00 00 00
20260120222703.868802 [PSC3] ID: 0x14320601 DLC:  8 Data: 14 A0 15 36 13 24 15 E0
20260120222703.883321 [PSC3] ID: 0x1C105000 DLC:  0 Data: 
20260120222704.860901 [PSC3] ID: 0x8508A00 DLC:  1 Data: 10
20260120222704.862652 [PSC3] ID: 0x14320101 DLC:  8 Data: 00 40 12 BB FF FF FF FF
20260120222704.865065 [PSC3] ID: 0x9508A00 DLC:  6 Data: 53 83 40 FA 05 DC
20260120222704.866577 [PSC3] ID: 0x14320601 DLC:  8 Data: 14 A0 15 36 13 24 15 E0
20260120222704.868006 [PSC3] ID: 0x14321001 DLC:  8 Data: 00 00 00 00 00 00 00 00
20260120222704.869436 [PSC3] ID: 0x14320501 DLC:  8 Data: 14 E6 00 59 00 99 2B 03
20260120222704.881828 [PSC3] ID: 0x1C105000 DLC:  0 Data: 
20260120222705.864240 [PSC3] ID: 0x14320101 DLC:  8 Data: 00 40 12 BB FF FF FF FF
20260120222705.866043 [PSC3] ID: 0x14320501 DLC:  8 Data: 14 E6 00 59 00 99 2B 03
20260120222705.867770 [PSC3] ID: 0x14321001 DLC:  8 Data: 00 00 00 00 00 00 00 00
20260120222705.869671 [PSC3] ID: 0x14320601 DLC:  8 Data: 14 A0 15 36 13 24 15 E0
20260120222705.882540 [PSC3] ID: 0x1C105000 DLC:  0 Data: 
