✓ CAN bridge запущено!
✓ {BUS0_DESC} ↔ {BUS1_DESC}
✓ Ctrl+C для зупинки

✓ Блок живлення (Rectifier) увімкнено
20260120214538.315088 [Rectifier] ID: 0x1A001000 DLC: 0 Data: 
20260120214539.316167 [Rectifier] ID: 0x1A001000 DLC: 0 Data: 
20260120214540.316600 [Rectifier] ID: 0x1A001000 DLC: 0 Data: 
20260120214541.316494 [Rectifier] ID: 0x1A001000 DLC: 0 Data: 
20260120214542.316801 [Rectifier] ID: 0x1A001000 DLC: 0 Data: 
20260120214543.316984 [Rectifier] ID: 0x1A001000 DLC: 0 Data: 
20260120214544.318018 [Rectifier] ID: 0x1A001000 DLC: 0 Data: 
20260120214545.317429 [Rectifier] ID: 0x1A001000 DLC: 0 Data: 
20260120214546.318075 [Rectifier] ID: 0x1A001000 DLC: 0 Data: 
20260120214547.319390 [Rectifier] ID: 0x1A001000 DLC: 0 Data: 
20260120214548.319202 [Rectifier] ID: 0x1A001000 DLC: 0 Data: 
20260120214549.318326 [Rectifier] ID: 0x1A001000 DLC: 0 Data: 
20260120214550.318334 [Rectifier] ID: 0x1A001000 DLC: 0 Data: 
20260120214551.318813 [Rectifier] ID: 0x1A001000 DLC: 0 Data: 
20260120214552.321037 [Rectifier] ID: 0x1A001000 DLC: 0 Data: 
20260120214553.320953 [Rectifier] ID: 0x1A001000 DLC: 0 Data: 
20260120214554.321641 [Rectifier] ID: 0x1A001000 DLC: 0 Data: 
20260120214555.320406 [Rectifier] ID: 0x1A001000 DLC: 0 Data: 
20260120214556.321222 [Rectifier] ID: 0x1A001000 DLC: 0 Data: 
20260120214557.322329 [Rectifier] ID: 0x1A001000 DLC: 0 Data: 
20260120214558.321903 [Rectifier] ID: 0x1A001000 DLC: 0 Data: 

✓ Контролер керування (PSC3) увімкнено
20260120214558.440951 [PSC3] ID: 0x8508A00 DLC:  1 Data: 10
20260120214558.442487 [PSC3] ID: 0x8508A00 DLC:  1 Data: 10
20260120214558.443908 [PSC3] ID: 0x8508A00 DLC:  1 Data: 10
20260120214558.445355 [PSC3] ID: 0x8508A00 DLC:  1 Data: 10
20260120214558.446672 [PSC3] ID: 0x8508A00 DLC:  1 Data: 10
20260120214558.448099 [PSC3] ID: 0x8508A00 DLC:  1 Data: 10
20260120214558.449396 [PSC3] ID: 0x8508A00 DLC:  1 Data: 10
20260120214558.450690 [PSC3] ID: 0x8508A00 DLC:  1 Data: 10
20260120214558.452032 [PSC3] ID: 0x8508A00 DLC:  1 Data: 10
20260120214558.453306 [PSC3] ID: 0x8508A00 DLC:  1 Data: 10
20260120214558.454689 [PSC3] ID: 0x8508A00 DLC:  1 Data: 10
20260120214558.456020 [PSC3] ID: 0x8508A00 DLC:  1 Data: 10
20260120214558.457310 [PSC3] ID: 0x8508A00 DLC:  1 Data: 10
20260120214558.458638 [PSC3] ID: 0x8508A00 DLC:  1 Data: 10
20260120214558.460070 [PSC3] ID: 0x8508A00 DLC:  1 Data: 10
20260120214558.461377 [PSC3] ID: 0x8508A00 DLC:  1 Data: 10
20260120214558.698422 [PSC3] ID: 0x14320101 DLC:  8 Data: 00 40 7F FF FF FF FF FF
20260120214558.772098 [PSC3] ID: 0x8508A00 DLC:  1 Data: 10
20260120214558.773628 [PSC3] ID: 0x8508A00 DLC:  1 Data: 10
20260120214558.775193 [PSC3] ID: 0x8508A00 DLC:  1 Data: 10
20260120214558.776566 [PSC3] ID: 0x8508A00 DLC:  1 Data: 10
20260120214558.777943 [PSC3] ID: 0x8508A00 DLC:  1 Data: 10
20260120214558.779320 [PSC3] ID: 0x8508A00 DLC:  1 Data: 10
20260120214558.780690 [PSC3] ID: 0x8508A00 DLC:  1 Data: 10
20260120214558.782032 [PSC3] ID: 0x8508A00 DLC:  1 Data: 10
20260120214558.783344 [PSC3] ID: 0x8508A00 DLC:  1 Data: 10
20260120214558.784657 [PSC3] ID: 0x8508A00 DLC:  1 Data: 10
20260120214558.786100 [PSC3] ID: 0x8508A00 DLC:  1 Data: 10
20260120214558.787443 [PSC3] ID: 0x8508A00 DLC:  1 Data: 10
20260120214558.788797 [PSC3] ID: 0x8508A00 DLC:  1 Data: 10
20260120214558.790228 [PSC3] ID: 0x8508A00 DLC:  1 Data: 10
20260120214558.843706 [PSC3] ID: 0x8508A00 DLC:  1 Data: 10
20260120214558.845268 [PSC3] ID: 0x14320101 DLC:  8 Data: 00 40 7F FF FF FF FF FF
20260120214558.846684 [PSC3] ID: 0x14320101 DLC:  8 Data: 00 40 7F FF FF FF FF FF
20260120214558.848126 [PSC3] ID: 0x14320101 DLC:  8 Data: 00 40 7F FF FF FF FF FF
20260120214558.931099 [PSC3] ID: 0x102000 DLC:  0 Data: 
20260120214559.321813 [Rectifier] ID: 0x1A001000 DLC: 0 Data: 
20260120214559.425460 [PSC3] ID: 0x1A102000 DLC:  0 Data: 
20260120214559.426988 [Rectifier] ID: 0x200BDFD DLC: 0 Data: 
20260120214559.525073 [PSC3] ID: 0x1A102100 DLC:  0 Data: 
20260120214559.526614 [Rectifier] ID: 0x2010200 DLC: 0 Data: 
20260120214559.624638 [PSC3] ID: 0x1A102200 DLC:  0 Data: 
20260120214559.624638 [Rectifier] ID: 0x20203A0 DLC: 0 Data: 
20260120214559.725344 [PSC3] ID: 0x1A102300 DLC:  0 Data: 
20260120214559.725344 [Rectifier] ID: 0x20300DC DLC: 0 Data: 
20260120214559.824685 [PSC3] ID: 0x1A103000 DLC:  0 Data: 
20260120214559.824685 [Rectifier] ID: 0x1B4031FF DLC: 0 Data: 
20260120214559.826595 [PSC3] ID: 0x1B503201 DLC:  0 Data: 
20260120214559.844856 [PSC3] ID: 0x1A102000 DLC:  0 Data: 
20260120214559.929519 [PSC3] ID: 0x1C105000 DLC:  0 Data: 
20260120214559.931108 [PSC3] ID: 0x1D504001 DLC:  2 Data: 00 00
20260120214559.934616 [Rectifier] ID: 0x1D404101 DLC: 2 Data: 20 01
20260120214600.879004 [PSC3] ID: 0x8508A00 DLC:  1 Data: 10
20260120214600.928877 [PSC3] ID: 0x1C105000 DLC:  0 Data: 
20260120214600.931310 [PSC3] ID: 0x1D504001 DLC:  2 Data: 59 D2
20260120214600.935065 [Rectifier] ID: 0x1D404101 DLC: 2 Data: 20 01
20260120214600.944203 [PSC3] ID: 0x19502001 DLC:  2 Data: 59 D2
20260120214600.946441 [Rectifier] ID: 0x19402101 DLC: 2 Data: DA AA
20260120214600.947901 [PSC3] ID: 0x19503001 DLC:  0 Data: 
20260120214600.950530 [Rectifier] ID: 0x19403101 DLC: 0 Data: 
20260120214600.954270 [PSC3] ID: 0x19544001 DLC:  8 Data: 00 20 00 01 0B B8 01 2C
20260120214601.051764 [Rectifier] ID: 0x194C4001 DLC: 0 Data: 
20260120214601.055686 [PSC3] ID: 0x19584001 DLC:  8 Data: 00 01 54 E6 41 DB 08 02
20260120214601.149570 [Rectifier] ID: 0x194C4001 DLC: 0 Data: 
20260120214601.153508 [PSC3] ID: 0x19584001 DLC:  8 Data: 54 E6 41 DB 08 02 00 00
20260120214601.244520 [Rectifier] ID: 0x194C4001 DLC: 0 Data: 
20260120214601.248379 [PSC3] ID: 0x195C4001 DLC:  8 Data: 17 70 83 20 83 84 57 3E
20260120214601.344721 [Rectifier] ID: 0x194C4001 DLC: 0 Data: 
20260120214601.347408 [PSC3] ID: 0x19502001 DLC:  2 Data: 59 D2
20260120214601.350086 [Rectifier] ID: 0x19402101 DLC: 2 Data: DA AA
20260120214601.353825 [PSC3] ID: 0x19502001 DLC:  2 Data: 59 D2
20260120214601.911302 [PSC3] ID: 0x14320101 DLC:  8 Data: 00 40 12 BB FF FF FF FF
20260120214601.912821 [PSC3] ID: 0x14320501 DLC:  8 Data: 14 E6 00 00 00 00 0B 02
20260120214601.914302 [PSC3] ID: 0x14320601 DLC:  8 Data: 14 A0 15 36 13 24 15 E0
20260120214601.929304 [PSC3] ID: 0x1C105000 DLC:  0 Data: 
20260120214601.931215 [PSC3] ID: 0x19502001 DLC:  2 Data: 59 D2
20260120214601.932576 [PSC3] ID: 0x1D504001 DLC:  2 Data: 59 D2
20260120214602.034282 [Rectifier] ID: 0x1A001000 DLC: 0 Data: 
20260120214602.134027 [PSC3] ID: 0x1A102000 DLC:  0 Data: 
20260120214602.134027 [Rectifier] ID: 0x200BDFD DLC: 0 Data: 
20260120214602.235173 [PSC3] ID: 0x1A102100 DLC:  0 Data: 
20260120214602.235173 [Rectifier] ID: 0x2010200 DLC: 0 Data: 
20260120214602.334091 [PSC3] ID: 0x1A102200 DLC:  0 Data: 
20260120214602.334091 [Rectifier] ID: 0x20203A0 DLC: 0 Data: 
20260120214602.435001 [PSC3] ID: 0x1A102300 DLC:  0 Data: 
20260120214602.435001 [Rectifier] ID: 0x20300DC DLC: 0 Data: 
20260120214602.534656 [PSC3] ID: 0x1A103000 DLC:  0 Data: 
20260120214602.534656 [Rectifier] ID: 0x1B4031FF DLC: 0 Data: 
20260120214602.536221 [PSC3] ID: 0x1B503201 DLC:  0 Data: 
20260120214602.554353 [PSC3] ID: 0x1A102000 DLC:  0 Data: 
20260120214602.655042 [PSC3] ID: 0x19502001 DLC:  2 Data: 59 D2
20260120214602.656590 [Rectifier] ID: 0x19402101 DLC: 2 Data: DA AA
20260120214602.660198 [PSC3] ID: 0x19503001 DLC:  0 Data: 
20260120214602.661539 [Rectifier] ID: 0x19403101 DLC: 0 Data: 
20260120214602.665165 [PSC3] ID: 0x19544001 DLC:  8 Data: 00 20 00 01 0B B8 01 2C
20260120214602.758804 [Rectifier] ID: 0x194C4001 DLC: 0 Data: 
20260120214602.762938 [PSC3] ID: 0x19584001 DLC:  8 Data: 00 01 54 E6 41 DB 08 02
20260120214602.854363 [Rectifier] ID: 0x194C4001 DLC: 0 Data: 
20260120214602.858161 [PSC3] ID: 0x19584001 DLC:  8 Data: 54 E6 41 DB 08 02 00 00
20260120214602.909175 [PSC3] ID: 0x8508A00 DLC:  1 Data: 10
20260120214602.911173 [PSC3] ID: 0x14320101 DLC:  8 Data: 00 40 12 BB FF FF FF FF
20260120214602.912532 [PSC3] ID: 0x14320501 DLC:  8 Data: 14 E6 00 00 00 00 0B 02
20260120214602.913842 [PSC3] ID: 0x14321001 DLC:  8 Data: 00 00 00 00 00 00 00 00
20260120214602.915192 [PSC3] ID: 0x14320601 DLC:  8 Data: 14 A0 15 36 13 24 15 E0
20260120214602.929931 [PSC3] ID: 0x1C105000 DLC:  0 Data: 
20260120214602.931373 [PSC3] ID: 0x1D504001 DLC:  2 Data: 59 D2
20260120214602.937353 [Rectifier] ID: 0x1D404101 DLC: 2 Data: 23 01
20260120214602.950044 [Rectifier] ID: 0x194C4001 DLC: 0 Data: 
20260120214602.953811 [PSC3] ID: 0x195C4001 DLC:  8 Data: 17 70 83 20 83 84 57 3E
20260120214603.043898 [Rectifier] ID: 0x194C4001 DLC: 0 Data: 
20260120214603.048398 [PSC3] ID: 0x19502001 DLC:  2 Data: 59 D2
20260120214603.049817 [Rectifier] ID: 0x19402101 DLC: 2 Data: DA AA
20260120214603.764484 [Rectifier] ID: 0x1A001000 DLC: 0 Data: 
20260120214603.865428 [PSC3] ID: 0x1A102000 DLC:  0 Data: 
20260120214603.865428 [Rectifier] ID: 0x200BDFD DLC: 0 Data: 
20260120214603.909917 [PSC3] ID: 0x14320101 DLC:  8 Data: 00 40 12 B9 FF FF FF FF
20260120214603.911751 [PSC3] ID: 0x14320501 DLC:  8 Data: 14 E6 00 00 00 00 0B 02
20260120214603.913158 [PSC3] ID: 0x14321001 DLC:  8 Data: 00 00 00 00 00 00 00 00
20260120214603.914579 [PSC3] ID: 0x14320601 DLC:  8 Data: 14 A0 15 36 13 24 15 E0
20260120214603.929403 [PSC3] ID: 0x1C105000 DLC:  0 Data: 
20260120214603.931139 [PSC3] ID: 0x19502001 DLC:  2 Data: 59 D2
20260120214603.932448 [PSC3] ID: 0x1D504001 DLC:  2 Data: 59 D2
20260120214603.965821 [PSC3] ID: 0x1A102100 DLC:  0 Data: 
20260120214603.965821 [Rectifier] ID: 0x2010200 DLC: 0 Data: 
20260120214604.065508 [PSC3] ID: 0x1A102200 DLC:  0 Data: 
20260120214604.065508 [Rectifier] ID: 0x20203A0 DLC: 0 Data: 
20260120214604.165688 [PSC3] ID: 0x1A102300 DLC:  0 Data: 
20260120214604.165688 [Rectifier] ID: 0x20300DC DLC: 0 Data: 
20260120214604.265182 [PSC3] ID: 0x1A103000 DLC:  0 Data: 
20260120214604.265182 [Rectifier] ID: 0x1B4031FF DLC: 0 Data: 
20260120214604.266950 [PSC3] ID: 0x1B503201 DLC:  0 Data: 
20260120214604.283621 [PSC3] ID: 0x1A102000 DLC:  0 Data: 
20260120214604.383944 [PSC3] ID: 0x19502001 DLC:  2 Data: 59 D2
20260120214604.386443 [Rectifier] ID: 0x19402101 DLC: 2 Data: DA AA
20260120214604.387914 [PSC3] ID: 0x19503001 DLC:  0 Data: 
20260120214604.390447 [Rectifier] ID: 0x19403101 DLC: 0 Data: 
20260120214604.394173 [PSC3] ID: 0x19544001 DLC:  8 Data: 00 20 00 01 0B B8 01 2C
20260120214604.485727 [Rectifier] ID: 0x194C4001 DLC: 0 Data: 
20260120214604.489462 [PSC3] ID: 0x19584001 DLC:  8 Data: 00 01 54 E6 41 DB 08 02
20260120214604.580240 [Rectifier] ID: 0x194C4001 DLC: 0 Data: 
20260120214604.583805 [PSC3] ID: 0x19584001 DLC:  8 Data: 54 E6 41 DB 08 02 00 00
20260120214604.680605 [Rectifier] ID: 0x194C4001 DLC: 0 Data: 
20260120214604.685491 [PSC3] ID: 0x195C4001 DLC:  8 Data: 17 70 83 20 83 84 57 3E
20260120214604.779178 [Rectifier] ID: 0x194C4001 DLC: 0 Data: 
20260120214604.783335 [PSC3] ID: 0x19502001 DLC:  2 Data: 59 D2
20260120214604.784793 [Rectifier] ID: 0x19402101 DLC: 2 Data: DA AA
20260120214604.911368 [PSC3] ID: 0x14320101 DLC:  8 Data: 00 40 12 BB FF FF FF FF
20260120214604.912942 [PSC3] ID: 0x9508A00 DLC:  6 Data: 52 CB E0 00 E0 00
20260120214604.914420 [PSC3] ID: 0x14320601 DLC:  8 Data: 14 A0 15 36 13 24 15 E0
20260120214604.915915 [PSC3] ID: 0x14321001 DLC:  8 Data: 00 00 00 00 00 00 00 00
20260120214604.917259 [PSC3] ID: 0x14320501 DLC:  8 Data: 14 E6 00 00 00 00 0B 02
20260120214604.918719 [PSC3] ID: 0x8508A00 DLC:  1 Data: 10
20260120214604.929093 [PSC3] ID: 0x1C105000 DLC:  0 Data: 
20260120214604.930945 [PSC3] ID: 0x1D504001 DLC:  2 Data: 59 D2
20260120214605.909382 [PSC3] ID: 0x14320101 DLC:  8 Data: 00 40 12 BB FF FF FF FF
20260120214605.912058 [PSC3] ID: 0x14320501 DLC:  8 Data: 14 E6 00 59 00 99 2B 02
20260120214605.913539 [PSC3] ID: 0x14321001 DLC:  8 Data: 00 00 00 00 00 00 00 00
20260120214605.914911 [PSC3] ID: 0x14324001 DLC:  8 Data: 00 00 00 57 00 C6 E9 1F
20260120214605.916340 [PSC3] ID: 0x14320601 DLC:  8 Data: 14 A0 15 36 13 24 15 E0
20260120214605.929992 [PSC3] ID: 0x1C105000 DLC:  0 Data: 
20260120214605.931606 [PSC3] ID: 0x1D504001 DLC:  2 Data: 59 D2
20260120214606.909295 [PSC3] ID: 0x14320101 DLC:  8 Data: 00 40 12 BB FF FF FF FF
20260120214606.911725 [PSC3] ID: 0x9508A00 DLC:  6 Data: 52 DB E0 00 E0 00
20260120214606.913173 [PSC3] ID: 0x14320601 DLC:  8 Data: 14 A0 15 36 13 24 15 E0
20260120214606.914430 [PSC3] ID: 0x14321001 DLC:  8 Data: 00 00 00 00 00 00 00 00
20260120214606.915737 [PSC3] ID: 0x14320501 DLC:  8 Data: 14 E6 00 59 00 99 2B 02
20260120214606.917044 [PSC3] ID: 0x8508A00 DLC:  1 Data: 10
20260120214606.928510 [PSC3] ID: 0x1C105000 DLC:  0 Data: 
20260120214606.931059 [PSC3] ID: 0x1D504001 DLC:  2 Data: 59 D2
20260120214606.950433 [PSC3] ID: 0x1503001 DLC:  0 Data: 
20260120214607.910822 [PSC3] ID: 0x14320101 DLC:  8 Data: 00 40 12 BB FF FF FF FF
20260120214607.912371 [PSC3] ID: 0x14320501 DLC:  8 Data: 14 E6 00 59 00 99 2B 02
20260120214607.913825 [PSC3] ID: 0x14321001 DLC:  8 Data: 00 00 00 00 00 00 00 00
20260120214607.915217 [PSC3] ID: 0x14320601 DLC:  8 Data: 14 A0 15 36 13 24 15 E0
20260120214607.930027 [PSC3] ID: 0x1C105000 DLC:  0 Data: 
20260120214608.909590 [PSC3] ID: 0x14320101 DLC:  8 Data: 00 40 12 BB FF FF FF FF
20260120214608.911520 [PSC3] ID: 0x9508A00 DLC:  6 Data: 52 EB E0 00 E0 00
20260120214608.912846 [PSC3] ID: 0x14320601 DLC:  8 Data: 14 A0 15 36 13 24 15 E0
20260120214608.914285 [PSC3] ID: 0x8F08B00 DLC:  0 Data: 
20260120214608.915692 [PSC3] ID: 0x14321001 DLC:  8 Data: 00 00 00 00 00 00 00 00
20260120214608.917227 [PSC3] ID: 0x14320501 DLC:  8 Data: 14 E6 00 59 00 99 2B 02
20260120214608.918599 [PSC3] ID: 0x8508A00 DLC:  1 Data: 10
20260120214608.929202 [PSC3] ID: 0x1C105000 DLC:  0 Data: 
20260120214609.909140 [PSC3] ID: 0x14320101 DLC:  8 Data: 00 40 12 BB FF FF FF FF
20260120214609.911889 [PSC3] ID: 0x14320501 DLC:  8 Data: 14 E6 00 59 00 99 2B 02
20260120214609.913329 [PSC3] ID: 0x14321001 DLC:  8 Data: 00 00 00 00 00 00 00 00
20260120214609.914744 [PSC3] ID: 0x14320601 DLC:  8 Data: 14 A0 15 36 13 24 15 E0
20260120214609.930585 [PSC3] ID: 0x1C105000 DLC:  0 Data: 
20260120214610.910710 [PSC3] ID: 0x14320101 DLC:  8 Data: 00 40 12 BB FF FF FF FF
20260120214610.912289 [PSC3] ID: 0x9508A00 DLC:  6 Data: 52 FB E0 00 E0 00
20260120214610.913636 [PSC3] ID: 0x14320601 DLC:  8 Data: 14 A0 15 36 13 24 15 E0
20260120214610.914991 [PSC3] ID: 0x8708B00 DLC:  0 Data: 
20260120214610.916292 [PSC3] ID: 0x14321001 DLC:  8 Data: 00 00 00 00 00 00 00 00
20260120214610.917761 [PSC3] ID: 0x14320501 DLC:  8 Data: 14 E6 00 59 00 99 2B 02
20260120214610.919195 [PSC3] ID: 0x8508A00 DLC:  1 Data: 10
20260120214610.929521 [PSC3] ID: 0x1C105000 DLC:  0 Data: 
20260120214611.910505 [PSC3] ID: 0x14320101 DLC:  8 Data: 00 40 12 BB FF FF FF FF
20260120214611.912107 [PSC3] ID: 0x14320501 DLC:  8 Data: 14 E6 00 59 00 99 2B 02
20260120214611.913576 [PSC3] ID: 0x14321001 DLC:  8 Data: 00 00 00 00 00 00 00 00
20260120214611.915021 [PSC3] ID: 0x14320601 DLC:  8 Data: 14 A0 15 36 13 24 15 E0
20260120214611.928435 [PSC3] ID: 0x1C105000 DLC:  0 Data: 
20260120214612.910061 [PSC3] ID: 0x14320101 DLC:  8 Data: 00 40 12 BB FF FF FF FF
20260120214612.911710 [PSC3] ID: 0x9508A00 DLC:  6 Data: 53 0B E0 00 E0 00
20260120214612.913121 [PSC3] ID: 0x14320601 DLC:  8 Data: 14 A0 15 36 13 24 15 E0
20260120214612.914486 [PSC3] ID: 0x14321001 DLC:  8 Data: 00 00 00 00 00 00 00 00
20260120214612.915815 [PSC3] ID: 0x14320501 DLC:  8 Data: 14 E6 00 59 00 99 2B 02
20260120214612.917154 [PSC3] ID: 0x8508A00 DLC:  1 Data: 10
20260120214612.930292 [PSC3] ID: 0x1C105000 DLC:  0 Data: 
20260120214613.911317 [PSC3] ID: 0x14320101 DLC:  8 Data: 00 40 12 BB FF FF FF FF
20260120214613.913004 [PSC3] ID: 0x14320501 DLC:  8 Data: 14 E6 00 59 00 99 2B 02
20260120214613.914486 [PSC3] ID: 0x14321001 DLC:  8 Data: 00 00 00 00 00 00 00 00
20260120214613.915863 [PSC3] ID: 0x14320601 DLC:  8 Data: 14 A0 15 36 13 24 15 E0
20260120214613.928575 [PSC3] ID: 0x1C105000 DLC:  0 Data: 
20260120214614.910721 [PSC3] ID: 0x14320101 DLC:  8 Data: 00 40 12 BB FF FF FF FF
20260120214614.912243 [PSC3] ID: 0x9508A00 DLC:  6 Data: 53 1B E0 00 E0 00
20260120214614.913603 [PSC3] ID: 0x14320601 DLC:  8 Data: 14 A0 15 36 13 24 15 E0
20260120214614.914973 [PSC3] ID: 0x14321001 DLC:  8 Data: 00 00 00 00 00 00 00 00
20260120214614.916364 [PSC3] ID: 0x14320501 DLC:  8 Data: 14 E6 00 59 00 99 2B 02
20260120214614.917745 [PSC3] ID: 0x8508A00 DLC:  1 Data: 10
20260120214614.930270 [PSC3] ID: 0x1C105000 DLC:  0 Data: 
20260120214615.909115 [PSC3] ID: 0x14320101 DLC:  8 Data: 00 40 12 BB FF FF FF FF
20260120214615.911689 [PSC3] ID: 0x14320501 DLC:  8 Data: 14 E6 00 59 00 99 2B 02
20260120214615.913101 [PSC3] ID: 0x14321001 DLC:  8 Data: 00 00 00 00 00 00 00 00
20260120214615.914556 [PSC3] ID: 0x14320601 DLC:  8 Data: 14 A0 15 36 13 24 15 E0
20260120214615.929858 [PSC3] ID: 0x1C105000 DLC:  0 Data: 
20260120214616.911000 [PSC3] ID: 0x14320101 DLC:  8 Data: 00 40 12 B9 FF FF FF FF
20260120214616.912592 [PSC3] ID: 0x9508A00 DLC:  6 Data: 53 2B E0 00 E0 00
20260120214616.914059 [PSC3] ID: 0x14320601 DLC:  8 Data: 14 A0 15 36 13 24 15 E0
20260120214616.915429 [PSC3] ID: 0x14321001 DLC:  8 Data: 00 00 00 00 00 00 00 00
20260120214616.916754 [PSC3] ID: 0x14320501 DLC:  8 Data: 14 E6 00 59 00 99 2B 02
20260120214616.922568 [PSC3] ID: 0x8508A00 DLC:  1 Data: 10
20260120214616.928453 [PSC3] ID: 0x1C105000 DLC:  0 Data: 
